
> spymeo@1.0.0 build
> next build

  ▲ Next.js 14.2.32
  - Experiments (use with caution):
    · typedRoutes

   Creating an optimized production build ...
uncaughtException [Error: EPERM: operation not permitted, open 'C:\Users\cdorb\OneDrive\Desktop\spymeo_full_fixed - Copie (2)\.next\trace'] {
  errno: -4048,
  code: 'EPERM',
  syscall: 'open',
  path: 'C:\\Users\\cdorb\\OneDrive\\Desktop\\spymeo_full_fixed - Copie (2)\\.next\\trace'
}
